[18:35:59] === γ sweep: sum vs boosted (top-30 + 1/rank) ===
[18:35:59] sum: loading cached experiments/combination/results/combined_sum.parquet
[18:36:32]   sum γ=1e-06: 192 cl, max=17692 (15.3%), big=192, top5=[17692, 5906, 2707, 2519, 2244], 31s
[18:37:12]   sum γ=5e-06: 179 cl, max=16335 (14.2%), big=179, top5=[16335, 7442, 2774, 2592, 2357], 38s
[18:37:51]   sum γ=1e-05: 185 cl, max=15834 (13.7%), big=185, top5=[15834, 6437, 2566, 2309, 2239], 38s
[18:38:39]   sum γ=2e-05: 198 cl, max=14403 (12.5%), big=198, top5=[14403, 5201, 2933, 2548, 2371], 46s
[18:39:09]   sum γ=5e-05: 211 cl, max=12889 (11.2%), big=211, top5=[12889, 2691, 2643, 2348, 2252], 29s
[18:39:45]   sum γ=1e-04: 222 cl, max=7643 (6.6%), big=222, top5=[7643, 2522, 2159, 2052, 1998], 35s
[18:39:45] boosted: combining top-30 + 1/rank + boosted...
[18:40:46] boosted: 115,290 nodes, 2,509,237 edges (61s)
[18:41:22]   boosted γ=1e-06: 225 cl, max=7196 (6.2%), big=225, top5=[7196, 4646, 2774, 2487, 2281], 33s
[18:42:00]   boosted γ=5e-06: 229 cl, max=7066 (6.1%), big=229, top5=[7066, 4706, 2719, 2538, 2532], 35s
[18:42:35]   boosted γ=1e-05: 226 cl, max=6128 (5.3%), big=226, top5=[6128, 3445, 3141, 2989, 2835], 33s
[18:43:10]   boosted γ=2e-05: 225 cl, max=5521 (4.8%), big=225, top5=[5521, 2829, 2731, 2400, 2158], 33s
[18:43:47]   boosted γ=5e-05: 237 cl, max=4595 (4.0%), big=237, top5=[4595, 2625, 2148, 2088, 2013], 35s
[18:44:23]   boosted γ=1e-04: 240 cl, max=4279 (3.7%), big=240, top5=[4279, 2566, 1966, 1873, 1863], 34s
[18:44:23] 
=== SUMMARY ===
[18:44:23]   strategy    gamma clusters   big     max   max%                      top3
[18:44:23] --------------------------------------------------------------------------------
[18:44:23]        sum    1e-06      192   192   17692  15.3%       [17692, 5906, 2707]
[18:44:23]        sum    5e-06      179   179   16335  14.2%       [16335, 7442, 2774]
[18:44:23]        sum    1e-05      185   185   15834  13.7%       [15834, 6437, 2566]
[18:44:23]        sum    2e-05      198   198   14403  12.5%       [14403, 5201, 2933]
[18:44:23]        sum    5e-05      211   211   12889  11.2%       [12889, 2691, 2643]
[18:44:23]        sum    1e-04      222   222    7643   6.6%        [7643, 2522, 2159]
[18:44:23]    boosted    1e-06      225   225    7196   6.2%        [7196, 4646, 2774]
[18:44:23]    boosted    5e-06      229   229    7066   6.1%        [7066, 4706, 2719]
[18:44:23]    boosted    1e-05      226   226    6128   5.3%        [6128, 3445, 3141]
[18:44:23]    boosted    2e-05      225   225    5521   4.8%        [5521, 2829, 2731]
[18:44:23]    boosted    5e-05      237   237    4595   4.0%        [4595, 2625, 2148]
[18:44:23]    boosted    1e-04      240   240    4279   3.7%        [4279, 2566, 1966]
[18:44:23] 
No γ found where both methods max < 3%
