[10:51:55] 
============================================================
[10:51:55] f12_boosted: ['bc_cosine', 'cc_cosine', 'dc_fractional'] strategy=boosted
[10:51:55] ============================================================
[10:53:48] Combined: 5,905,509 edges, saved
[10:53:55] Nodes: 753,567
[10:57:41]   γ=1e-06: 940 cl, max=28495 (3.8%), top5=[28495, 17006, 13903, 11760, 10949], 217s
[11:01:23]   γ=5e-06: 1042 cl, max=23965 (3.2%), top5=[23965, 13652, 12135, 11837, 11070], 216s
[11:04:48]   γ=1e-05: 1145 cl, max=22300 (3.0%), top5=[22300, 12749, 12318, 10472, 6845], 199s
[11:08:30]   γ=2e-05: 1319 cl, max=16232 (2.2%), top5=[16232, 10924, 9581, 7648, 6833], 216s
[11:12:00]   γ=5e-05: 1645 cl, max=10630 (1.4%), top5=[10630, 9081, 8380, 5968, 5708], 205s
[11:15:26]   γ=1e-04: 1887 cl, max=7138 (0.9%), top5=[7138, 7075, 6893, 5906, 4994], 200s
[11:15:26] 
============================================================
[11:15:26] f12_sum: ['bc_cosine', 'cc_cosine', 'dc_fractional'] strategy=sum
[11:15:26] ============================================================
[11:16:24] Combined: 5,905,509 edges, saved
[11:16:30] Nodes: 753,567
[11:19:41]   γ=1e-06: 896 cl, max=29061 (3.9%), top5=[29061, 16626, 15255, 14664, 14252], 185s
[11:22:47]   γ=5e-06: 1008 cl, max=24337 (3.2%), top5=[24337, 12492, 11163, 10692, 10172], 180s
[11:25:58]   γ=1e-05: 1113 cl, max=21557 (2.9%), top5=[21557, 13094, 12291, 11262, 10096], 185s
[11:29:14]   γ=2e-05: 1303 cl, max=18260 (2.4%), top5=[18260, 10718, 9209, 8199, 7468], 190s
[11:32:25]   γ=5e-05: 1653 cl, max=8916 (1.2%), top5=[8916, 8349, 7697, 6918, 5769], 185s
[11:35:52]   γ=1e-04: 1903 cl, max=7228 (1.0%), top5=[7228, 7010, 6255, 4507, 3834], 201s
[11:35:52] 
============================================================
[11:35:52] f15_4layer_boosted: ['bc_cosine', 'cc_cosine', 'dc_fractional', 'emb_bg_knn30'] strategy=boosted
[11:35:52] ============================================================
[11:36:51] Combined: 5,227,963 edges, saved
[11:36:54] Nodes: 115,290
[11:37:20]   γ=1e-06: 44 cl, max=26209 (22.7%), top5=[26209, 17572, 16370, 12499, 8085], 23s
[11:37:56]   γ=5e-06: 50 cl, max=23456 (20.3%), top5=[23456, 19053, 16842, 9548, 7933], 33s
[11:38:21]   γ=1e-05: 42 cl, max=26825 (23.3%), top5=[26825, 19049, 16798, 10907, 8393], 23s
[11:38:53]   γ=2e-05: 48 cl, max=26205 (22.7%), top5=[26205, 19042, 16430, 8836, 8002], 30s
[11:39:19]   γ=5e-05: 46 cl, max=26326 (22.8%), top5=[26326, 20103, 16258, 10749, 8977], 24s
[11:40:02]   γ=1e-04: 58 cl, max=20506 (17.8%), top5=[20506, 20183, 7533, 7451, 7167], 41s
[11:40:02] 
============================================================
[11:40:02] f15_4layer_sum: ['bc_cosine', 'cc_cosine', 'dc_fractional', 'emb_bg_knn30'] strategy=sum
[11:40:02] ============================================================
[11:40:42] Combined: 5,227,963 edges, saved
[11:40:45] Nodes: 115,290
[11:41:08]   γ=1e-06: 43 cl, max=26465 (23.0%), top5=[26465, 20474, 20140, 11000, 7374], 21s
[11:41:32]   γ=5e-06: 43 cl, max=27268 (23.7%), top5=[27268, 20196, 20147, 9953, 7381], 21s
[11:41:57]   γ=1e-05: 38 cl, max=26371 (22.9%), top5=[26371, 20738, 20080, 9382, 6125], 22s
[11:42:23]   γ=2e-05: 45 cl, max=22026 (19.1%), top5=[22026, 20201, 20081, 10116, 7450], 24s
[11:42:49]   γ=5e-05: 44 cl, max=22703 (19.7%), top5=[22703, 19123, 12537, 9320, 9094], 24s
[11:43:17]   γ=1e-04: 41 cl, max=25190 (21.8%), top5=[25190, 19018, 18581, 10570, 8149], 26s
[11:43:17] 
================================================================================
[11:43:17]                  Label    gamma clusters   max%                      top3
[11:43:17] --------------------------------------------------------------------------------
[11:43:17]            f12_boosted    1e-06      940   3.8%     [28495, 17006, 13903]
[11:43:17]            f12_boosted    5e-06     1042   3.2%     [23965, 13652, 12135]
[11:43:17]            f12_boosted    1e-05     1145   3.0%     [22300, 12749, 12318]
[11:43:17]            f12_boosted    2e-05     1319   2.2%      [16232, 10924, 9581]
[11:43:17]            f12_boosted    5e-05     1645   1.4%       [10630, 9081, 8380]
[11:43:17]            f12_boosted    1e-04     1887   0.9%        [7138, 7075, 6893]
[11:43:17]                f12_sum    1e-06      896   3.9%     [29061, 16626, 15255]
[11:43:17]                f12_sum    5e-06     1008   3.2%     [24337, 12492, 11163]
[11:43:17]                f12_sum    1e-05     1113   2.9%     [21557, 13094, 12291]
[11:43:17]                f12_sum    2e-05     1303   2.4%      [18260, 10718, 9209]
[11:43:17]                f12_sum    5e-05     1653   1.2%        [8916, 8349, 7697]
[11:43:17]                f12_sum    1e-04     1903   1.0%        [7228, 7010, 6255]
[11:43:17]     f15_4layer_boosted    1e-06       44  22.7%     [26209, 17572, 16370]
[11:43:17]     f15_4layer_boosted    5e-06       50  20.3%     [23456, 19053, 16842]
[11:43:17]     f15_4layer_boosted    1e-05       42  23.3%     [26825, 19049, 16798]
[11:43:17]     f15_4layer_boosted    2e-05       48  22.7%     [26205, 19042, 16430]
[11:43:17]     f15_4layer_boosted    5e-05       46  22.8%     [26326, 20103, 16258]
[11:43:17]     f15_4layer_boosted    1e-04       58  17.8%      [20506, 20183, 7533]
[11:43:17]         f15_4layer_sum    1e-06       43  23.0%     [26465, 20474, 20140]
[11:43:17]         f15_4layer_sum    5e-06       43  23.7%     [27268, 20196, 20147]
[11:43:17]         f15_4layer_sum    1e-05       38  22.9%     [26371, 20738, 20080]
[11:43:17]         f15_4layer_sum    2e-05       45  19.1%     [22026, 20201, 20081]
[11:43:17]         f15_4layer_sum    5e-05       44  19.7%     [22703, 19123, 12537]
[11:43:17]         f15_4layer_sum    1e-04       41  21.8%     [25190, 19018, 18581]
